<?php return array (
  0 => 'Symfony\\Bundle\\FrameworkBundle\\Controller\\AbstractController',
  1 => 'App\\Controller\\AccueilController',
  2 => 'App\\Controller\\ActivateAccountController',
  3 => 'App\\Controller\\AdminAnnonceController',
  4 => 'App\\Controller\\AdminColisController',
  5 => 'App\\Controller\\AdminController',
  6 => 'App\\Controller\\AnnoncesController',
  7 => 'App\\Controller\\ChatGptController',
  8 => 'App\\Controller\\ColisController',
  9 => 'App\\Controller\\ColisRecController',
  10 => 'App\\Controller\\CompetitionController',
  11 => 'App\\Controller\\DocumentexpeditionController',
  12 => 'App\\Controller\\ErrorController',
  13 => 'App\\Controller\\EvaluationController',
  14 => 'App\\Controller\\FrontCompetitionController',
  15 => 'App\\Controller\\FrontReservationController',
  16 => 'App\\Controller\\GiftsController',
  17 => 'App\\Controller\\LoginController',
  18 => 'App\\Controller\\MapController',
  19 => 'App\\Controller\\MessageController',
  20 => 'App\\Controller\\QrCodeGeneratorController',
  21 => 'App\\Controller\\QuizController',
  22 => 'App\\Controller\\ReclamationsController',
  23 => 'App\\Controller\\RegistrationController',
  24 => 'App\\Controller\\ReservationController',
  25 => 'App\\Controller\\ResetPasswordController',
  26 => 'App\\Controller\\SecurityController',
  27 => 'App\\Controller\\SerializerController',
  28 => 'App\\Controller\\StatsColisController',
  29 => 'App\\Controller\\StatsController',
  30 => 'App\\Controller\\UserController',
  31 => 'App\\Controller\\UsermobilController',
  32 => 'App\\Controller\\ValidationController',
  33 => 'App\\Controller\\VehiculeController',
  34 => 'App\\Entity\\Annonces',
  35 => 'App\\Entity\\Appointment',
  36 => 'App\\Entity\\Colis',
  37 => 'App\\Entity\\ColisRec',
  38 => 'App\\Entity\\Colisr',
  39 => 'App\\Entity\\Competition',
  40 => 'App\\Entity\\CompetitionEndNotification',
  41 => 'App\\Entity\\Documentexpedition',
  42 => 'App\\Entity\\Evaluation',
  43 => 'App\\Entity\\EvaluationRepository',
  44 => 'App\\Entity\\Gifts',
  45 => 'App\\Entity\\Message',
  46 => 'App\\Entity\\QuizQuestion',
  47 => 'App\\Entity\\Reactions',
  48 => 'App\\Entity\\Reclamations',
  49 => 'App\\Entity\\Reservation',
  50 => 'App\\Entity\\ResetPasswordRequest',
  51 => 'App\\Entity\\User',
  52 => 'App\\Entity\\Validation',
  53 => 'App\\Entity\\Vehicule',
  54 => 'Doctrine\\Bundle\\DoctrineBundle\\Controller\\ProfilerController',
  55 => 'Doctrine\\ORM\\Cache\\Persister\\Entity\\AbstractEntityPersister',
  56 => 'Doctrine\\ORM\\Cache\\Persister\\Entity\\CachedEntityPersister',
  57 => 'Doctrine\\ORM\\Cache\\Persister\\Entity\\NonStrictReadWriteCachedEntityPersister',
  58 => 'Doctrine\\ORM\\Cache\\Persister\\Entity\\ReadOnlyCachedEntityPersister',
  59 => 'Doctrine\\ORM\\Cache\\Persister\\Entity\\ReadWriteCachedEntityPersister',
  60 => 'Doctrine\\ORM\\Persisters\\Entity\\AbstractEntityInheritancePersister',
  61 => 'Doctrine\\ORM\\Persisters\\Entity\\BasicEntityPersister',
  62 => 'Doctrine\\ORM\\Persisters\\Entity\\CachedPersisterContext',
  63 => 'Doctrine\\ORM\\Persisters\\Entity\\EntityPersister',
  64 => 'Doctrine\\ORM\\Persisters\\Entity\\JoinedSubclassPersister',
  65 => 'Doctrine\\ORM\\Persisters\\Entity\\SingleTablePersister',
  66 => 'Endroid\\QrCodeBundle\\Controller\\GenerateController',
  67 => 'Gregwar\\CaptchaBundle\\Controller\\CaptchaController',
  68 => 'SymfonyCasts\\Bundle\\ResetPassword\\Controller\\ResetPasswordControllerTrait',
  70 => 'Symfony\\Bundle\\FrameworkBundle\\Controller\\ControllerResolver',
  71 => 'Symfony\\Bundle\\FrameworkBundle\\Controller\\RedirectController',
  72 => 'Symfony\\Bundle\\FrameworkBundle\\Controller\\TemplateController',
  73 => 'Symfony\\Bundle\\WebProfilerBundle\\Controller\\ExceptionPanelController',
  74 => 'Symfony\\Bundle\\WebProfilerBundle\\Controller\\ProfilerController',
  75 => 'Symfony\\Bundle\\WebProfilerBundle\\Controller\\RouterController',
  76 => 'Symfony\\Component\\HttpKernel\\Controller\\ArgumentResolver',
  77 => 'Symfony\\Component\\HttpKernel\\Controller\\ArgumentResolverInterface',
  78 => 'Symfony\\Component\\HttpKernel\\Controller\\ArgumentResolver\\DefaultValueResolver',
  79 => 'Symfony\\Component\\HttpKernel\\Controller\\ArgumentResolver\\NotTaggedControllerValueResolver',
  80 => 'Symfony\\Component\\HttpKernel\\Controller\\ArgumentResolver\\RequestAttributeValueResolver',
  81 => 'Symfony\\Component\\HttpKernel\\Controller\\ArgumentResolver\\RequestValueResolver',
  82 => 'Symfony\\Component\\HttpKernel\\Controller\\ArgumentResolver\\ServiceValueResolver',
  83 => 'Symfony\\Component\\HttpKernel\\Controller\\ArgumentResolver\\SessionValueResolver',
  84 => 'Symfony\\Component\\HttpKernel\\Controller\\ArgumentResolver\\TraceableValueResolver',
  85 => 'Symfony\\Component\\HttpKernel\\Controller\\ArgumentResolver\\VariadicValueResolver',
  86 => 'Symfony\\Component\\HttpKernel\\Controller\\ArgumentValueResolverInterface',
  87 => 'Symfony\\Component\\HttpKernel\\Controller\\ContainerControllerResolver',
  88 => 'Symfony\\Component\\HttpKernel\\Controller\\ControllerReference',
  89 => 'Symfony\\Component\\HttpKernel\\Controller\\ControllerResolver',
  90 => 'Symfony\\Component\\HttpKernel\\Controller\\ControllerResolverInterface',
  91 => 'Symfony\\Component\\HttpKernel\\Controller\\ErrorController',
  92 => 'Symfony\\Component\\HttpKernel\\Controller\\TraceableArgumentResolver',
  93 => 'Symfony\\Component\\HttpKernel\\Controller\\TraceableControllerResolver',
  94 => 'Symfony\\Component\\Security\\Http\\Controller\\UserValueResolver',
  95 => 'Twilio\\Rest\\Verify\\V2\\Service\\Entity\\ChallengeContext',
  96 => 'Twilio\\Rest\\Verify\\V2\\Service\\Entity\\ChallengeInstance',
  97 => 'Twilio\\Rest\\Verify\\V2\\Service\\Entity\\ChallengeList',
  98 => 'Twilio\\Rest\\Verify\\V2\\Service\\Entity\\ChallengeOptions',
  99 => 'Twilio\\Rest\\Verify\\V2\\Service\\Entity\\ChallengePage',
  100 => 'Twilio\\Rest\\Verify\\V2\\Service\\Entity\\Challenge\\NotificationInstance',
  101 => 'Twilio\\Rest\\Verify\\V2\\Service\\Entity\\Challenge\\NotificationList',
  102 => 'Twilio\\Rest\\Verify\\V2\\Service\\Entity\\Challenge\\NotificationOptions',
  103 => 'Twilio\\Rest\\Verify\\V2\\Service\\Entity\\Challenge\\NotificationPage',
  104 => 'Twilio\\Rest\\Verify\\V2\\Service\\Entity\\FactorContext',
  105 => 'Twilio\\Rest\\Verify\\V2\\Service\\Entity\\FactorInstance',
  106 => 'Twilio\\Rest\\Verify\\V2\\Service\\Entity\\FactorList',
  107 => 'Twilio\\Rest\\Verify\\V2\\Service\\Entity\\FactorOptions',
  108 => 'Twilio\\Rest\\Verify\\V2\\Service\\Entity\\FactorPage',
  109 => 'Twilio\\Rest\\Verify\\V2\\Service\\Entity\\NewFactorInstance',
  110 => 'Twilio\\Rest\\Verify\\V2\\Service\\Entity\\NewFactorList',
  111 => 'Twilio\\Rest\\Verify\\V2\\Service\\Entity\\NewFactorOptions',
  112 => 'Twilio\\Rest\\Verify\\V2\\Service\\Entity\\NewFactorPage',
);